[debug] [2026-09-04T22:08:19.923Z] ----------------------------------------------------------------------
[debug] [2026-09-04T22:08:19.926Z] Command:       C:\Program Files\nodejs\node.exe C:\Users\erich\AppData\Roaming\npm\node_modules\firebase-tools\lib\bin\firebase.js database:get /.settings/rules --project livelessondemogames --pretty
[debug] [2026-09-04T22:08:19.926Z] CLI Version:   15.28.1
[debug] [2026-09-04T22:08:19.926Z] Platform:      win32
[debug] [2026-09-04T22:08:19.926Z] Node Version:  v24.19.0
[debug] [2026-09-04T22:08:19.927Z] Detected Agent: codex_cli
[debug] [2026-09-04T22:08:19.927Z] Time:          Fri Sep 04 2026 16:08:19 GMT-0600 (Mountain Daylight Time)
[debug] [2026-09-04T22:08:19.927Z] ----------------------------------------------------------------------
[debug] 
[debug] [2026-09-04T22:08:19.942Z] >>> [apiv2][query] GET https://firebase-public.firebaseio.com/cli.json [none]
[debug] [2026-09-04T22:08:21.099Z] > command requires scopes: ["email","openid","https://www.googleapis.com/auth/cloudplatformprojects.readonly","https://www.googleapis.com/auth/firebase","https://www.googleapis.com/auth/cloud-platform"]
[debug] [2026-09-04T22:08:21.099Z] > authorizing via signed-in user (erichaas74@gmail.com)
[debug] [2026-09-04T22:08:21.099Z] [iam] checking project livelessondemogames for permissions ["firebase.projects.get","firebasedatabase.instances.get"]
[debug] [2026-09-04T22:08:21.101Z] Checked if tokens are valid: false, expires at: 1788111298823
[debug] [2026-09-04T22:08:21.101Z] Checked if tokens are valid: false, expires at: 1788111298823
[debug] [2026-09-04T22:08:21.102Z] > refreshing access token with scopes: []
[debug] [2026-09-04T22:08:21.103Z] >>> [apiv2][query] POST https://www.googleapis.com/oauth2/v3/token [none]
[debug] [2026-09-04T22:08:21.103Z] >>> [apiv2][body] POST https://www.googleapis.com/oauth2/v3/token [omitted]
[debug] [2026-09-04T22:08:21.213Z] <<< [apiv2][status] POST https://www.googleapis.com/oauth2/v3/token 200
[debug] [2026-09-04T22:08:21.213Z] <<< [apiv2][body] POST https://www.googleapis.com/oauth2/v3/token [omitted]
[debug] [2026-09-04T22:08:21.236Z] >>> [apiv2][query] POST https://cloudresourcemanager.googleapis.com/v1/projects/livelessondemogames:testIamPermissions [none]
[debug] [2026-09-04T22:08:21.237Z] >>> [apiv2][(partial)header] POST https://cloudresourcemanager.googleapis.com/v1/projects/livelessondemogames:testIamPermissions  x-goog-user-project=livelessondemogames
[debug] [2026-09-04T22:08:21.237Z] >>> [apiv2][body] POST https://cloudresourcemanager.googleapis.com/v1/projects/livelessondemogames:testIamPermissions {"permissions":["firebase.projects.get","firebasedatabase.instances.get"]}
[debug] [2026-09-04T22:08:21.242Z] <<< [apiv2][status] GET https://firebase-public.firebaseio.com/cli.json 200
[debug] [2026-09-04T22:08:21.242Z] <<< [apiv2][body] GET https://firebase-public.firebaseio.com/cli.json {"cloudBuildErrorAfter":1594252800000,"cloudBuildWarnAfter":1590019200000,"defaultNode10After":1594252800000,"minVersion":"3.0.5","node8DeploysDisabledAfter":1613390400000,"node8RuntimeDisabledAfter":1615809600000,"node8WarnAfter":1600128000000}
[debug] [2026-09-04T22:08:21.444Z] <<< [apiv2][status] POST https://cloudresourcemanager.googleapis.com/v1/projects/livelessondemogames:testIamPermissions 200
[debug] [2026-09-04T22:08:21.445Z] <<< [apiv2][body] POST https://cloudresourcemanager.googleapis.com/v1/projects/livelessondemogames:testIamPermissions {"permissions":["firebase.projects.get","firebasedatabase.instances.get"]}
[debug] [2026-09-04T22:08:21.445Z] Checked if tokens are valid: true, expires at: 1788563300213
[debug] [2026-09-04T22:08:21.445Z] Checked if tokens are valid: true, expires at: 1788563300213
[debug] [2026-09-04T22:08:21.446Z] >>> [apiv2][query] GET https://firebase.googleapis.com/v1beta1/projects/livelessondemogames [none]
[debug] [2026-09-04T22:08:21.664Z] <<< [apiv2][status] GET https://firebase.googleapis.com/v1beta1/projects/livelessondemogames 200
[debug] [2026-09-04T22:08:21.664Z] <<< [apiv2][body] GET https://firebase.googleapis.com/v1beta1/projects/livelessondemogames {"projectId":"livelessondemogames","projectNumber":"672402495241","displayName":"LiveLessonDemoGames","name":"projects/livelessondemogames","resources":{"hostingSite":"livelessondemogames","realtimeDatabaseInstance":"livelessondemogames-default-rtdb"},"state":"ACTIVE","labels":{"firebase":"enabled"},"etag":"1_5c2b63be-8689-4572-b515-dc32e6269c7b"}
[debug] [2026-09-04T22:08:21.664Z] Checked if tokens are valid: true, expires at: 1788563300213
[debug] [2026-09-04T22:08:21.665Z] Checked if tokens are valid: true, expires at: 1788563300213
[debug] [2026-09-04T22:08:21.665Z] >>> [apiv2][query] GET https://firebasedatabase.googleapis.com/v1beta/projects/livelessondemogames/locations/-/instances/livelessondemogames-default-rtdb [none]
[debug] [2026-09-04T22:08:21.904Z] <<< [apiv2][status] GET https://firebasedatabase.googleapis.com/v1beta/projects/livelessondemogames/locations/-/instances/livelessondemogames-default-rtdb 200
[debug] [2026-09-04T22:08:21.905Z] <<< [apiv2][body] GET https://firebasedatabase.googleapis.com/v1beta/projects/livelessondemogames/locations/-/instances/livelessondemogames-default-rtdb {"name":"projects/672402495241/locations/us-central1/instances/livelessondemogames-default-rtdb","project":"projects/672402495241","databaseUrl":"https://livelessondemogames-default-rtdb.firebaseio.com","type":"DEFAULT_DATABASE","state":"ACTIVE"}
[debug] [2026-09-04T22:08:21.906Z] Checked if tokens are valid: true, expires at: 1788563300213
[debug] [2026-09-04T22:08:21.906Z] Checked if tokens are valid: true, expires at: 1788563300213
[debug] [2026-09-04T22:08:21.906Z] >>> [apiv2][query] GET https://livelessondemogames-default-rtdb.firebaseio.com/.settings/rules.json print=pretty
[debug] [2026-09-04T22:08:22.020Z] <<< [apiv2][status] GET https://livelessondemogames-default-rtdb.firebaseio.com/.settings/rules.json 200
