> Building...
√ Building...
Initial chunk files | Names                               |  Raw size | Estimated transfer size
chunk-BJblw9Vk.js   | -                                   | 169.79 kB |                50.34 kB
main-BOUEXYCK.js    | main                                | 108.97 kB |                27.64 kB
chunk-C0MS4Ike.js   | -                                   |  13.73 kB |                 4.20 kB
styles-PWEBVAZL.css | styles                              | 865 bytes |               865 bytes
chunk-Da4-SChG.js   | -                                   | 633 bytes |               633 bytes

                    | Initial total                       | 293.98 kB |                83.67 kB

Lazy chunk files    | Names                               |  Raw size | Estimated transfer size
chunk-CPHmOIK-.js   | -                                   |   1.38 MB |               295.65 kB
chunk-jC0YxMuV.js   | -                                   | 711.93 kB |               148.54 kB
chunk-BTX59a7r.js   | simulation-decision-shell-component | 426.45 kB |                77.49 kB
chunk-DE2VgtFT.js   | model-viewer                        | 381.87 kB |               107.19 kB
chunk-NT-2q0bY.js   | crisis-center-component             | 257.28 kB |                46.20 kB
chunk-BIn_sBrc2.js  | -                                   | 228.59 kB |                39.67 kB
chunk-XfpPuLT6.js   | -                                   | 162.26 kB |                34.50 kB
chunk-Dl0htRaC2.js  | time-repair-page-component          | 154.98 kB |                22.91 kB
chunk-kxi39cQ8.js   | project-host-component              | 150.54 kB |                33.58 kB
chunk-CkRZ_k8h2.js  | history-live-page-component         | 148.15 kB |                28.26 kB
chunk-B6kihrUL2.js  | exhibit-hall-page-component         | 147.78 kB |                29.07 kB
chunk--7oBBbyF.js   | debate-studio-page-component        | 138.52 kB |                27.07 kB
chunk-Df2ykmzF2.js  | journey-shell-component             | 124.50 kB |                25.44 kB
chunk-CqrXL2CZ2.js  | index                               | 119.91 kB |                24.64 kB
chunk-Doi0YODe.js   | project-intro-component             | 106.82 kB |                24.02 kB
...and 172 more lazy chunks files. Use "--verbose" to show all the files.

Application bundle generation complete. [28.203 seconds] - 2026-09-15T05:48:46.414Z

▲ [WARNING] src/app/projects/mystery-substance/station-workspaces.scss exceeded maximum budget. Budget 14.00 kB was not met by 3.99 kB with a total of 17.99 kB.


▲ [WARNING] src/app/templates/simulation-decision/ui/map/route-atlas.component.scss exceeded maximum budget. Budget 14.00 kB was not met by 1.24 kB with a total of 15.24 kB.


▲ [WARNING] src/app/projects/mystery-substance/properties-lab.component.scss exceeded maximum budget. Budget 14.00 kB was not met by 1.99 kB with a total of 15.99 kB.


▲ [WARNING] src/app/templates/exhibit-hall/ui/artifact-composer.component.scss exceeded maximum budget. Budget 14.00 kB was not met by 5.50 kB with a total of 19.50 kB.


▲ [WARNING] src/app/templates/crisis-operations/ui/crisis-center.component.scss exceeded maximum budget. Budget 14.00 kB was not met by 3.83 kB with a total of 17.82 kB.


▲ [WARNING] src/app/templates/debate-studio/ui/debate-studio-page.component.scss exceeded maximum budget. Budget 14.00 kB was not met by 331 bytes with a total of 14.33 kB.


▲ [WARNING] src/app/templates/simulation-decision/ui/pages/route-map.component.scss exceeded maximum budget. Budget 14.00 kB was not met by 452 bytes with a total of 14.45 kB.


▲ [WARNING] src/app/templates/journey-replay/ui/journey-shell.scss exceeded maximum budget. Budget 14.00 kB was not met by 1.18 kB with a total of 15.18 kB.


▲ [WARNING] src/app/templates/simulation-decision/ui/simulation-decision-shell.component.scss exceeded maximum budget. Budget 14.00 kB was not met by 140 bytes with a total of 14.14 kB.


▲ [WARNING] src/app/projects/mystery-substance/reaction-bench.component.scss exceeded maximum budget. Budget 14.00 kB was not met by 8.79 kB with a total of 22.79 kB.


▲ [WARNING] src/app/templates/simulation-decision/ui/pages/final-showcase.component.scss exceeded maximum budget. Budget 14.00 kB was not met by 300 bytes with a total of 14.30 kB.


▲ [WARNING] src/app/templates/exhibit-hall/ui/exhibit-hall-page.component.scss exceeded maximum budget. Budget 14.00 kB was not met by 260 bytes with a total of 14.26 kB.


▲ [WARNING] src/app/templates/heist/escape/expedition/expedition.component.scss exceeded maximum budget. Budget 14.00 kB was not met by 650 bytes with a total of 14.65 kB.


▲ [WARNING] src/app/templates/history-live/ui/history-live-page.component.scss exceeded maximum budget. Budget 14.00 kB was not met by 1.52 kB with a total of 15.52 kB.


▲ [WARNING] src/app/templates/heist/gallery/ui/gallery.component.scss exceeded maximum budget. Budget 14.00 kB was not met by 632 bytes with a total of 14.63 kB.


▲ [WARNING] src/app/features/mystery-investigation/mystery-investigation.component.scss exceeded maximum budget. Budget 14.00 kB was not met by 2.18 kB with a total of 16.18 kB.


▲ [WARNING] src/app/templates/simulation-decision/ui/pages/market-view.component.scss exceeded maximum budget. Budget 14.00 kB was not met by 9.10 kB with a total of 23.10 kB.


▲ [WARNING] src/app/templates/simulation-decision/ui/pages/event-decision.component.scss exceeded maximum budget. Budget 14.00 kB was not met by 336 bytes with a total of 14.34 kB.


▲ [WARNING] src/app/templates/narrative-studio/ui/narrative-studio-page.component.scss exceeded maximum budget. Budget 14.00 kB was not met by 379 bytes with a total of 14.38 kB.


Output location: C:\Users\erich\Desktop\pbl-lms\forge-pbl-template\output\castle-week-production-build

