> Building...
√ Building...
▲ [WARNING] src/app/projects/mystery-substance/station-workspaces.scss exceeded maximum budget. Budget 14.00 kB was not met by 4.16 kB with a total of 18.16 kB.


▲ [WARNING] src/app/templates/exhibit-hall/ui/exhibit-hall-page.component.scss exceeded maximum budget. Budget 14.00 kB was not met by 260 bytes with a total of 14.26 kB.


▲ [WARNING] src/app/templates/journey-replay/ui/journey-shell.scss exceeded maximum budget. Budget 14.00 kB was not met by 1.18 kB with a total of 15.18 kB.


▲ [WARNING] src/app/templates/narrative-studio/ui/narrative-studio-page.component.scss exceeded maximum budget. Budget 14.00 kB was not met by 379 bytes with a total of 14.38 kB.


▲ [WARNING] src/app/templates/debate-studio/ui/debate-studio-page.component.scss exceeded maximum budget. Budget 14.00 kB was not met by 331 bytes with a total of 14.33 kB.


▲ [WARNING] src/app/templates/heist/gallery/ui/gallery.component.scss exceeded maximum budget. Budget 14.00 kB was not met by 632 bytes with a total of 14.63 kB.


▲ [WARNING] src/app/templates/crisis-operations/ui/crisis-center.component.scss exceeded maximum budget. Budget 14.00 kB was not met by 3.83 kB with a total of 17.82 kB.


▲ [WARNING] src/app/projects/mystery-substance/emergency-response.component.scss exceeded maximum budget. Budget 14.00 kB was not met by 38 bytes with a total of 14.04 kB.


▲ [WARNING] src/app/projects/mystery-substance/reaction-bench.component.scss exceeded maximum budget. Budget 14.00 kB was not met by 10.07 kB with a total of 24.07 kB.


▲ [WARNING] src/app/templates/simulation-decision/ui/pages/event-decision.component.scss exceeded maximum budget. Budget 14.00 kB was not met by 336 bytes with a total of 14.34 kB.


▲ [WARNING] src/app/templates/simulation-decision/ui/pages/market-view.component.scss exceeded maximum budget. Budget 14.00 kB was not met by 9.10 kB with a total of 23.10 kB.


▲ [WARNING] src/app/projects/mystery-substance/properties-lab.component.scss exceeded maximum budget. Budget 14.00 kB was not met by 3.27 kB with a total of 17.27 kB.


▲ [WARNING] src/app/templates/heist/escape/expedition/expedition.component.scss exceeded maximum budget. Budget 14.00 kB was not met by 650 bytes with a total of 14.65 kB.


▲ [WARNING] src/app/templates/simulation-decision/ui/map/route-atlas.component.scss exceeded maximum budget. Budget 14.00 kB was not met by 1.24 kB with a total of 15.24 kB.


▲ [WARNING] src/app/templates/simulation-decision/ui/pages/route-map.component.scss exceeded maximum budget. Budget 14.00 kB was not met by 452 bytes with a total of 14.45 kB.


▲ [WARNING] src/app/features/mystery-investigation/mystery-investigation.component.scss exceeded maximum budget. Budget 14.00 kB was not met by 2.18 kB with a total of 16.18 kB.


▲ [WARNING] src/app/templates/simulation-decision/ui/pages/final-showcase.component.scss exceeded maximum budget. Budget 14.00 kB was not met by 300 bytes with a total of 14.30 kB.


▲ [WARNING] src/app/templates/exhibit-hall/ui/artifact-composer.component.scss exceeded maximum budget. Budget 14.00 kB was not met by 5.50 kB with a total of 19.50 kB.


▲ [WARNING] src/app/templates/history-live/ui/history-live-page.component.scss exceeded maximum budget. Budget 14.00 kB was not met by 1.52 kB with a total of 15.52 kB.


▲ [WARNING] src/app/templates/simulation-decision/ui/simulation-decision-shell.component.scss exceeded maximum budget. Budget 14.00 kB was not met by 140 bytes with a total of 14.14 kB.


Initial chunk files | Names                               |  Raw size | Estimated transfer size
chunk-BJblw9Vk.js   | -                                   | 169.79 kB |                50.34 kB
main-TROKGF5P.js    | main                                | 108.95 kB |                27.68 kB
chunk-C0MS4Ike.js   | -                                   |  13.73 kB |                 4.20 kB
styles-PWEBVAZL.css | styles                              | 865 bytes |               865 bytes
chunk-Da4-SChG.js   | -                                   | 633 bytes |               633 bytes

                    | Initial total                       | 293.96 kB |                83.72 kB

Lazy chunk files    | Names                               |  Raw size | Estimated transfer size
chunk-CPHmOIK-.js   | -                                   |   1.38 MB |               295.65 kB
chunk-jSzD3wY3.js   | -                                   | 593.09 kB |               125.33 kB
chunk-C_QmNa0m.js   | simulation-decision-shell-component | 426.43 kB |                77.44 kB
chunk-xP5s-WnW2.js  | model-viewer                        | 381.62 kB |               107.20 kB
chunk-DYbDYbCH2.js  | crisis-center-component             | 257.28 kB |                46.23 kB
chunk-DSX759oV.js   | -                                   | 233.63 kB |                39.43 kB
chunk-l8Ai7ZUb.js   | -                                   | 162.26 kB |                34.49 kB
chunk-sy7-1y0-2.js  | project-host-component              | 150.48 kB |                33.38 kB
chunk-Bca0hXJ6.js   | history-live-page-component         | 148.15 kB |                28.26 kB
chunk-o4kaaf-V.js   | exhibit-hall-page-component         | 147.78 kB |                29.03 kB
chunk-CSeJllAF2.js  | debate-studio-page-component        | 138.52 kB |                27.04 kB
chunk-B40bT-np.js   | journey-shell-component             | 124.50 kB |                25.45 kB
chunk-Cg1GDUu4.js   | index                               | 119.91 kB |                24.66 kB
chunk-jwsuEtyd.js   | project-intro-component             | 106.82 kB |                24.02 kB
chunk-DGQ1etsX.js   | -                                   |  81.19 kB |                19.54 kB
...and 164 more lazy chunks files. Use "--verbose" to show all the files.

Application bundle generation failed. [511.287 seconds] - 2026-09-14T22:21:19.887Z

X [ERROR] src/app/projects/mystery-substance/reaction-bench.component.scss exceeded maximum budget. Budget 24.00 kB was not met by 69 bytes with a total of 24.07 kB.


