
> forge-pbl-template@0.0.0 build
> ng build

> Building...
√ Building...
Initial chunk files | Names                               |  Raw size | Estimated transfer size
chunk-BJblw9Vk.js   | -                                   | 169.79 kB |                50.34 kB
main-NKPR4XPZ.js    | main                                | 108.94 kB |                27.62 kB
chunk-C0MS4Ike.js   | -                                   |  13.73 kB |                 4.20 kB
styles-PWEBVAZL.css | styles                              | 865 bytes |               865 bytes
chunk-Da4-SChG.js   | -                                   | 633 bytes |               633 bytes

                    | Initial total                       | 293.95 kB |                83.66 kB

Lazy chunk files    | Names                               |  Raw size | Estimated transfer size
chunk-CPHmOIK-.js   | -                                   |   1.38 MB |               295.65 kB
chunk-jSzD3wY3.js   | -                                   | 593.09 kB |               125.33 kB
chunk-C_QmNa0m.js   | simulation-decision-shell-component | 426.43 kB |                77.44 kB
chunk-xP5s-WnW2.js  | model-viewer                        | 381.62 kB |               107.20 kB
chunk-CgqPcZ0y2.js  | index                               | 307.05 kB |                58.73 kB
chunk-3rvgxTz4.js   | crisis-center-component             | 257.28 kB |                46.19 kB
chunk-XfpPuLT6.js   | -                                   | 162.26 kB |                34.50 kB
chunk-B7iAde3g2.js  | project-host-component              | 148.40 kB |                32.64 kB
chunk-DGGUTmce2.js  | history-live-page-component         | 148.16 kB |                28.23 kB
chunk-fhCbteqI.js   | exhibit-hall-page-component         | 147.78 kB |                29.00 kB
chunk-DyKuo2OC2.js  | debate-studio-page-component        | 138.52 kB |                27.09 kB
chunk-pocuSBvZ.js   | journey-shell-component             | 124.50 kB |                25.46 kB
chunk-DsH2zhXA.js   | expedition-component                | 111.14 kB |                22.37 kB
chunk-C7hwY1FZ.js   | project-intro-component             | 106.82 kB |                24.05 kB
chunk-BOpyxqNy2.js  | -                                   |  79.85 kB |                19.34 kB
...and 145 more lazy chunks files. Use "--verbose" to show all the files.

Application bundle generation complete. [37.523 seconds] - 2026-09-14T21:44:46.381Z

▲ [WARNING] src/app/templates/simulation-decision/ui/simulation-decision-shell.component.scss exceeded maximum budget. Budget 14.00 kB was not met by 140 bytes with a total of 14.14 kB.


▲ [WARNING] src/app/projects/mystery-substance/reaction-bench.component.scss exceeded maximum budget. Budget 14.00 kB was not met by 5.26 kB with a total of 19.26 kB.


▲ [WARNING] src/app/templates/narrative-studio/ui/narrative-studio-page.component.scss exceeded maximum budget. Budget 14.00 kB was not met by 379 bytes with a total of 14.38 kB.


▲ [WARNING] src/app/templates/exhibit-hall/ui/exhibit-hall-page.component.scss exceeded maximum budget. Budget 14.00 kB was not met by 260 bytes with a total of 14.26 kB.


▲ [WARNING] src/app/templates/exhibit-hall/ui/artifact-composer.component.scss exceeded maximum budget. Budget 14.00 kB was not met by 5.50 kB with a total of 19.50 kB.


▲ [WARNING] src/app/templates/simulation-decision/ui/pages/route-map.component.scss exceeded maximum budget. Budget 14.00 kB was not met by 452 bytes with a total of 14.45 kB.


▲ [WARNING] src/app/templates/simulation-decision/ui/pages/market-view.component.scss exceeded maximum budget. Budget 14.00 kB was not met by 9.10 kB with a total of 23.10 kB.


▲ [WARNING] src/app/templates/simulation-decision/ui/map/route-atlas.component.scss exceeded maximum budget. Budget 14.00 kB was not met by 1.24 kB with a total of 15.24 kB.


▲ [WARNING] src/app/templates/simulation-decision/ui/pages/final-showcase.component.scss exceeded maximum budget. Budget 14.00 kB was not met by 300 bytes with a total of 14.30 kB.


▲ [WARNING] src/app/templates/simulation-decision/ui/pages/event-decision.component.scss exceeded maximum budget. Budget 14.00 kB was not met by 336 bytes with a total of 14.34 kB.


▲ [WARNING] src/app/features/mystery-investigation/mystery-investigation.component.scss exceeded maximum budget. Budget 14.00 kB was not met by 2.18 kB with a total of 16.18 kB.


▲ [WARNING] src/app/templates/heist/escape/expedition/expedition.component.scss exceeded maximum budget. Budget 14.00 kB was not met by 650 bytes with a total of 14.65 kB.


▲ [WARNING] src/app/templates/journey-replay/ui/journey-shell.scss exceeded maximum budget. Budget 14.00 kB was not met by 1.18 kB with a total of 15.18 kB.


▲ [WARNING] src/app/templates/crisis-operations/ui/crisis-center.component.scss exceeded maximum budget. Budget 14.00 kB was not met by 3.83 kB with a total of 17.82 kB.


▲ [WARNING] src/app/templates/history-live/ui/history-live-page.component.scss exceeded maximum budget. Budget 14.00 kB was not met by 1.52 kB with a total of 15.52 kB.


▲ [WARNING] src/app/templates/heist/gallery/ui/gallery.component.scss exceeded maximum budget. Budget 14.00 kB was not met by 632 bytes with a total of 14.63 kB.


▲ [WARNING] src/app/templates/debate-studio/ui/debate-studio-page.component.scss exceeded maximum budget. Budget 14.00 kB was not met by 331 bytes with a total of 14.33 kB.


Output location: C:\Users\erich\Desktop\pbl-lms\forge-pbl-template\dist\forge-pbl-template

