> Building...
√ Building...
Initial chunk files | Names                               |  Raw size | Estimated transfer size
chunk-BJblw9Vk.js   | -                                   | 169.79 kB |                50.34 kB
main-OPMXBJJY.js    | main                                | 108.97 kB |                27.64 kB
chunk-C0MS4Ike.js   | -                                   |  13.73 kB |                 4.20 kB
styles-PWEBVAZL.css | styles                              | 865 bytes |               865 bytes
chunk-Da4-SChG.js   | -                                   | 633 bytes |               633 bytes

                    | Initial total                       | 293.99 kB |                83.67 kB

Lazy chunk files    | Names                               |  Raw size | Estimated transfer size
chunk-CPHmOIK-.js   | -                                   |   1.38 MB |               295.65 kB
chunk-jSzD3wY3.js   | -                                   | 593.09 kB |               125.33 kB
chunk-3cpaW8ql.js   | simulation-decision-shell-component | 426.45 kB |                77.47 kB
chunk-ECLYKCR1.js   | model-viewer                        | 381.62 kB |               107.02 kB
chunk-Bb65WQmx.js   | crisis-center-component             | 257.28 kB |                46.23 kB
chunk-h9iJvE59.js   | -                                   | 228.59 kB |                39.67 kB
chunk-DJjjsFQC.js   | -                                   | 162.26 kB |                34.63 kB
chunk-D1pYM97q2.js  | time-repair-page-component          | 154.98 kB |                22.93 kB
chunk-DmNB2_rq2.js  | project-host-component              | 150.56 kB |                33.53 kB
chunk-CDZvHdbS.js   | history-live-page-component         | 148.15 kB |                28.24 kB
chunk-lDYsia8R.js   | exhibit-hall-page-component         | 147.77 kB |                29.07 kB
chunk-dW2Bzzo0.js   | debate-studio-page-component        | 138.52 kB |                27.04 kB
chunk-Bc3JF7Bf2.js  | journey-shell-component             | 124.50 kB |                25.41 kB
chunk-Didkd6cO.js   | index                               | 119.91 kB |                24.65 kB
chunk-ruwv6Ftz2.js  | project-intro-component             | 106.82 kB |                24.00 kB
...and 171 more lazy chunks files. Use "--verbose" to show all the files.

Application bundle generation complete. [38.466 seconds] - 2026-09-14T23:37:49.046Z

▲ [WARNING] src/app/projects/mystery-substance/station-workspaces.scss exceeded maximum budget. Budget 14.00 kB was not met by 3.99 kB with a total of 17.99 kB.


▲ [WARNING] src/app/templates/simulation-decision/ui/pages/event-decision.component.scss exceeded maximum budget. Budget 14.00 kB was not met by 336 bytes with a total of 14.34 kB.


▲ [WARNING] src/app/templates/exhibit-hall/ui/exhibit-hall-page.component.scss exceeded maximum budget. Budget 14.00 kB was not met by 260 bytes with a total of 14.26 kB.


▲ [WARNING] src/app/templates/simulation-decision/ui/map/route-atlas.component.scss exceeded maximum budget. Budget 14.00 kB was not met by 1.24 kB with a total of 15.24 kB.


▲ [WARNING] src/app/templates/heist/escape/expedition/expedition.component.scss exceeded maximum budget. Budget 14.00 kB was not met by 650 bytes with a total of 14.65 kB.


▲ [WARNING] src/app/templates/simulation-decision/ui/pages/market-view.component.scss exceeded maximum budget. Budget 14.00 kB was not met by 9.10 kB with a total of 23.10 kB.


▲ [WARNING] src/app/projects/mystery-substance/properties-lab.component.scss exceeded maximum budget. Budget 14.00 kB was not met by 1.99 kB with a total of 15.99 kB.


▲ [WARNING] src/app/features/mystery-investigation/mystery-investigation.component.scss exceeded maximum budget. Budget 14.00 kB was not met by 2.18 kB with a total of 16.18 kB.


▲ [WARNING] src/app/templates/crisis-operations/ui/crisis-center.component.scss exceeded maximum budget. Budget 14.00 kB was not met by 3.83 kB with a total of 17.82 kB.


▲ [WARNING] src/app/templates/simulation-decision/ui/pages/final-showcase.component.scss exceeded maximum budget. Budget 14.00 kB was not met by 300 bytes with a total of 14.30 kB.


▲ [WARNING] src/app/templates/exhibit-hall/ui/artifact-composer.component.scss exceeded maximum budget. Budget 14.00 kB was not met by 5.50 kB with a total of 19.50 kB.


▲ [WARNING] src/app/templates/journey-replay/ui/journey-shell.scss exceeded maximum budget. Budget 14.00 kB was not met by 1.18 kB with a total of 15.18 kB.


▲ [WARNING] src/app/templates/heist/gallery/ui/gallery.component.scss exceeded maximum budget. Budget 14.00 kB was not met by 632 bytes with a total of 14.63 kB.


▲ [WARNING] src/app/templates/debate-studio/ui/debate-studio-page.component.scss exceeded maximum budget. Budget 14.00 kB was not met by 331 bytes with a total of 14.33 kB.


▲ [WARNING] src/app/templates/simulation-decision/ui/pages/route-map.component.scss exceeded maximum budget. Budget 14.00 kB was not met by 452 bytes with a total of 14.45 kB.


▲ [WARNING] src/app/templates/history-live/ui/history-live-page.component.scss exceeded maximum budget. Budget 14.00 kB was not met by 1.52 kB with a total of 15.52 kB.


▲ [WARNING] src/app/projects/mystery-substance/reaction-bench.component.scss exceeded maximum budget. Budget 14.00 kB was not met by 8.79 kB with a total of 22.79 kB.


▲ [WARNING] src/app/templates/narrative-studio/ui/narrative-studio-page.component.scss exceeded maximum budget. Budget 14.00 kB was not met by 379 bytes with a total of 14.38 kB.


▲ [WARNING] src/app/templates/simulation-decision/ui/simulation-decision-shell.component.scss exceeded maximum budget. Budget 14.00 kB was not met by 140 bytes with a total of 14.14 kB.


Output location: C:\Users\erich\Desktop\pbl-lms\forge-pbl-template\output\shadow-week-build

