❯ Building...
✔ Building...
Initial chunk files | Names                               |  Raw size
chunk-ETMIOYNX.js   | -                                   |  24.22 kB | 
main.js             | main                                |   4.14 kB | 
chunk-GOMI4DH3.js   | -                                   |   1.42 kB | 
styles.css          | styles                              |   1.12 kB | 

                    | Initial total                       |  30.90 kB

Lazy chunk files    | Names                               |  Raw size
chunk-CGGBJVV3.js   | simulation-decision-shell-component |   1.18 MB | 
chunk-JIIS3SE4.js   | crisis-center-component             | 711.95 kB | 
chunk-4SXTATXW.js   | -                                   | 663.96 kB | 
chunk-XL26FEI2.js   | -                                   | 503.07 kB | 
chunk-5RU4RHDA.js   | time-repair-page-component          | 446.09 kB | 
chunk-E25AXRPW.js   | exhibit-hall-page-component         | 429.01 kB | 
chunk-LOBOEN7C.js   | history-live-page-component         | 428.71 kB | 
chunk-FSBAJ5WA.js   | debate-studio-page-component        | 413.03 kB | 
chunk-DLZXQKPO.js   | journey-shell-component             | 373.58 kB | 
chunk-HTJ7ZUMN.js   | index                               | 342.77 kB | 
chunk-AJPMZUJW.js   | project-intro-component             | 303.84 kB | 
chunk-JYAHTFY5.js   | project-host-component              | 222.36 kB | 
chunk-CY6TQHQV.js   | -                                   | 214.84 kB | 
chunk-56XVCHPI.js   | -                                   | 211.41 kB | 
chunk-D7LXLASK.js   | gallery-component                   | 188.82 kB | 
...and 177 more lazy chunks files. Use "--verbose" to show all the files.

Application bundle generation complete. [17.821 seconds] - 2026-09-15T02:49:38.480Z

Watch mode enabled. Watching for file changes...
NOTE: Raw file sizes do not reflect development server per-request transformations.
[2m8:49:39 PM[22m [36m[1m[vite][22m[39m [90m[2m(client)[22m[39m Re-optimizing dependencies because vite config has changed
  [32m➜[39m  [1mLocal[22m:   [36mhttp://localhost:[1m4391[22m/[39m
[2m8:49:40 PM[22m [36m[1m[vite][22m[39m [90m[2m(client)[22m[39m [optimizer] bundling dependencies...
