> Building...
√ Building...
Application bundle generation failed. [71.302 seconds] - 2026-09-14T22:06:15.437Z

Watch mode enabled. Watching for file changes...
> Changes detected. Rebuilding...
√ Changes detected. Rebuilding...
Application bundle generation failed. [23.060 seconds] - 2026-09-14T22:06:40.652Z

> Changes detected. Rebuilding...
√ Changes detected. Rebuilding...
Application bundle generation failed. [4.997 seconds] - 2026-09-14T22:06:45.680Z

> Changes detected. Rebuilding...
√ Changes detected. Rebuilding...
Application bundle generation failed. [16.776 seconds] - 2026-09-14T22:07:48.300Z

> Changes detected. Rebuilding...
√ Changes detected. Rebuilding...
Application bundle generation failed. [27.858 seconds] - 2026-09-14T22:09:06.010Z

> Changes detected. Rebuilding...
√ Changes detected. Rebuilding...
Application bundle generation failed. [27.932 seconds] - 2026-09-14T22:09:34.180Z

> Changes detected. Rebuilding...
√ Changes detected. Rebuilding...
Application bundle generation failed. [6.564 seconds] - 2026-09-14T22:09:45.962Z

> Changes detected. Rebuilding...
√ Changes detected. Rebuilding...
Application bundle generation failed. [5.874 seconds] - 2026-09-14T22:09:51.864Z

> Changes detected. Rebuilding...
√ Changes detected. Rebuilding...
Application bundle generation failed. [1.610 seconds] - 2026-09-14T22:09:53.487Z

> Changes detected. Rebuilding...
√ Changes detected. Rebuilding...
Application bundle generation failed. [40.130 seconds] - 2026-09-14T22:11:23.496Z

> Changes detected. Rebuilding...
√ Changes detected. Rebuilding...
Initial chunk files | Names                               |  Raw size
chunk-47AWS4WT.js   | -                                   |  24.19 kB | 
main.js             | main                                |   4.14 kB | 
chunk-GOMI4DH3.js   | -                                   |   1.42 kB | 
styles.css          | styles                              |   1.12 kB | 

                    | Initial total                       |  30.87 kB

Lazy chunk files    | Names                               |  Raw size
chunk-TLJUETQM.js   | simulation-decision-shell-component |   1.18 MB | 
chunk-WPWVRGJB.js   | crisis-center-component             | 711.95 kB | 
chunk-XNIIYE4D.js   | -                                   | 670.86 kB | 
chunk-66G3624Q.js   | -                                   | 503.07 kB | 
chunk-MIS4GQOW.js   | exhibit-hall-page-component         | 429.01 kB | 
chunk-SGNKXTND.js   | history-live-page-component         | 428.71 kB | 
chunk-6KJSQ4MZ.js   | debate-studio-page-component        | 413.03 kB | 
chunk-5HINF524.js   | journey-shell-component             | 373.58 kB | 
chunk-ZNMG6RGO.js   | index                               | 342.77 kB | 
chunk-AJPMZUJW.js   | project-intro-component             | 303.84 kB | 
chunk-4HBRE4W7.js   | project-host-component              | 222.83 kB | 
chunk-MLVHDJPI.js   | -                                   | 208.90 kB | 
chunk-ZKNJFCRU.js   | time-repair-page-component          | 206.05 kB | 
chunk-DOP2HHTP.js   | -                                   | 205.92 kB | 
chunk-5TU67YPC.js   | restoration-collection-component    | 197.58 kB | 
...and 170 more lazy chunks files. Use "--verbose" to show all the files.

Application bundle generation complete. [3.657 seconds] - 2026-09-14T22:11:27.211Z

NOTE: Raw file sizes do not reflect development server per-request transformations.
