> Building...
√ Building...
Application bundle generation failed. [91.429 seconds] - 2026-09-14T22:09:24.705Z

Watch mode enabled. Watching for file changes...
> Changes detected. Rebuilding...
√ Changes detected. Rebuilding...
Application bundle generation failed. [41.435 seconds] - 2026-09-14T22:10:20.870Z

> Changes detected. Rebuilding...
√ Changes detected. Rebuilding...
Application bundle generation failed. [28.322 seconds] - 2026-09-14T22:10:49.282Z

> Changes detected. Rebuilding...
√ Changes detected. Rebuilding...
Application bundle generation failed. [29.096 seconds] - 2026-09-14T22:11:18.588Z

> Changes detected. Rebuilding...
√ Changes detected. Rebuilding...
Application bundle generation failed. [3.592 seconds] - 2026-09-14T22:11:22.751Z

> Changes detected. Rebuilding...
√ Changes detected. Rebuilding...
Application bundle generation failed. [2.897 seconds] - 2026-09-14T22:12:09.726Z

> Changes detected. Rebuilding...
√ Changes detected. Rebuilding...
Application bundle generation failed. [1.702 seconds] - 2026-09-14T22:12:11.471Z

> Changes detected. Rebuilding...
√ Changes detected. Rebuilding...
Application bundle generation failed. [66.186 seconds] - 2026-09-14T22:14:45.690Z

> Changes detected. Rebuilding...
√ Changes detected. Rebuilding...
Application bundle generation failed. [42.924 seconds] - 2026-09-14T22:15:28.898Z

> Changes detected. Rebuilding...
√ Changes detected. Rebuilding...
Application bundle generation failed. [113.804 seconds] - 2026-09-14T22:17:22.776Z

> Changes detected. Rebuilding...
√ Changes detected. Rebuilding...
Application bundle generation failed. [81.098 seconds] - 2026-09-14T22:18:44.100Z

> Changes detected. Rebuilding...
√ Changes detected. Rebuilding...
Application bundle generation failed. [34.478 seconds] - 2026-09-14T22:19:18.842Z

> Changes detected. Rebuilding...
√ Changes detected. Rebuilding...
Application bundle generation failed. [39.633 seconds] - 2026-09-14T22:20:13.967Z

> Changes detected. Rebuilding...
√ Changes detected. Rebuilding...
Application bundle generation failed. [53.617 seconds] - 2026-09-14T22:21:07.665Z

> Changes detected. Rebuilding...
√ Changes detected. Rebuilding...
Application bundle generation failed. [99.167 seconds] - 2026-09-14T22:22:46.889Z

> Changes detected. Rebuilding...
√ Changes detected. Rebuilding...
Application bundle generation failed. [59.845 seconds] - 2026-09-14T22:23:46.909Z

> Changes detected. Rebuilding...
